// Jest Snapshot v1, https://goo.gl/fbAQLP

exports[`renders correctly 1`] = `
<RCTSafeAreaView>
  <RCTSafeAreaView
    style={
      Object {
        "flex": 1,
        "justifyContent": "center",
        "paddingHorizontal": 20,
      }
    }
  >
    <View>
      <Text>
        E-mail
      </Text>
      <TextInput
        onChangeText={[Function]}
        placeholder="email@joao.com"
        value=""
      />
      <Text>
        Password
      </Text>
      <TextInput
        onChangeText={[Function]}
        placeholder="*****"
        value=""
      />
      <View
        accessibilityRole="button"
        accessibilityState={
          Object {
            "disabled": false,
          }
        }
        accessible={true}
        collapsable={false}
        focusable={true}
        onClick={[Function]}
        onResponderGrant={[Function]}
        onResponderMove={[Function]}
        onResponderRelease={[Function]}
        onResponderTerminate={[Function]}
        onResponderTerminationRequest={[Function]}
        onStartShouldSetResponder={[Function]}
        style={
          Object {
            "opacity": 1,
          }
        }
      >
        <View
          style={
            Array [
              Object {},
            ]
          }
        >
          <Text
            disabled={false}
            style={
              Array [
                Object {
                  "color": "#007AFF",
                  "fontSize": 18,
                  "margin": 8,
                  "textAlign": "center",
                },
              ]
            }
          >
            Login
          </Text>
        </View>
      </View>
    </View>
  </RCTSafeAreaView>
</RCTSafeAreaView>
`;
